===================================================================
How To Use 4-print_square.py
===================================================================

The module defines a square printing function 'print_square(size)'

USAGE
==========================================================

Squares are printed using the ``#`` character. The parameter ``size``
represents the height and width of the square.

>>> print_square = __import__('4-print_square').print_square
>>> print_square(1)
#

>>> print_square(10)
##########
##########
##########
##########
##########
##########
##########
##########
##########
##########

INVALID SIZES
=================================================================

The parameter ``size`` must be an integer. Otherwise, a TypeError is raised.

>>> print_square("not an int")
Traceback (most recent call last):
TypeError: size must be an integer

The parameter must be an integer not float
>>> print_square(5.5)
Traceback (most recent call last):
TypeError: size must be an integer

size must be greater than zero if less, a ValueError is raised
>>> print_square(-7)
Traceback (most recent call last):
ValueError: size must be >= 0

At least one argument must be provided.

>>> print_square()
Traceback (most recent call last):
TypeError: print_square() missing 1 required positional argument: 'size'
